// Vitest Snapshot v1, https://vitest.dev/guide/snapshot.html

exports[`App component > renders brand name and an image 1`] = `
<div>
  <img
    alt="Dummy image"
    src="https://picsum.photos/300/300"
  />
  <p>
    This is the Home Page
  </p>
</div>
`;

exports[`App component > renders this is homepage 1`] = `
<div>
  <img
    alt="Dummy image"
    src="https://picsum.photos/300/300"
  />
  <p>
    This is the Home Page
  </p>
</div>
`;
